Archive member included to satisfy reference by file (symbol)

c:/st/stm32cubeide_1.10.1/stm32cubeide/plugins/com.st.stm32cube.ide.mcu.externaltools.gnu-tools-for-stm32.10.3-2021.10.win32_1.0.100.202210260954/tools/bin/../lib/gcc/arm-none-eabi/10.3.1/../../../../arm-none-eabi/lib/thumb/v7e-m+fp/hard\libc_nano.a(lib_a-errno.o)
                              ./Src/syscalls.o (__errno)
c:/st/stm32cubeide_1.10.1/stm32cubeide/plugins/com.st.stm32cube.ide.mcu.externaltools.gnu-tools-for-stm32.10.3-2021.10.win32_1.0.100.202210260954/tools/bin/../lib/gcc/arm-none-eabi/10.3.1/../../../../arm-none-eabi/lib/thumb/v7e-m+fp/hard\libc_nano.a(lib_a-exit.o)
                              c:/st/stm32cubeide_1.10.1/stm32cubeide/plugins/com.st.stm32cube.ide.mcu.externaltools.gnu-tools-for-stm32.10.3-2021.10.win32_1.0.100.202210260954/tools/bin/../lib/gcc/arm-none-eabi/10.3.1/../../../../arm-none-eabi/lib/thumb/v7e-m+fp/hard/crt0.o (exit)
c:/st/stm32cubeide_1.10.1/stm32cubeide/plugins/com.st.stm32cube.ide.mcu.externaltools.gnu-tools-for-stm32.10.3-2021.10.win32_1.0.100.202210260954/tools/bin/../lib/gcc/arm-none-eabi/10.3.1/../../../../arm-none-eabi/lib/thumb/v7e-m+fp/hard\libc_nano.a(lib_a-impure.o)
                              c:/st/stm32cubeide_1.10.1/stm32cubeide/plugins/com.st.stm32cube.ide.mcu.externaltools.gnu-tools-for-stm32.10.3-2021.10.win32_1.0.100.202210260954/tools/bin/../lib/gcc/arm-none-eabi/10.3.1/../../../../arm-none-eabi/lib/thumb/v7e-m+fp/hard\libc_nano.a(lib_a-exit.o) (_global_impure_ptr)
c:/st/stm32cubeide_1.10.1/stm32cubeide/plugins/com.st.stm32cube.ide.mcu.externaltools.gnu-tools-for-stm32.10.3-2021.10.win32_1.0.100.202210260954/tools/bin/../lib/gcc/arm-none-eabi/10.3.1/../../../../arm-none-eabi/lib/thumb/v7e-m+fp/hard\libc_nano.a(lib_a-init.o)
                              c:/st/stm32cubeide_1.10.1/stm32cubeide/plugins/com.st.stm32cube.ide.mcu.externaltools.gnu-tools-for-stm32.10.3-2021.10.win32_1.0.100.202210260954/tools/bin/../lib/gcc/arm-none-eabi/10.3.1/../../../../arm-none-eabi/lib/thumb/v7e-m+fp/hard/crt0.o (__libc_init_array)
c:/st/stm32cubeide_1.10.1/stm32cubeide/plugins/com.st.stm32cube.ide.mcu.externaltools.gnu-tools-for-stm32.10.3-2021.10.win32_1.0.100.202210260954/tools/bin/../lib/gcc/arm-none-eabi/10.3.1/../../../../arm-none-eabi/lib/thumb/v7e-m+fp/hard\libc_nano.a(lib_a-memset.o)
                              c:/st/stm32cubeide_1.10.1/stm32cubeide/plugins/com.st.stm32cube.ide.mcu.externaltools.gnu-tools-for-stm32.10.3-2021.10.win32_1.0.100.202210260954/tools/bin/../lib/gcc/arm-none-eabi/10.3.1/../../../../arm-none-eabi/lib/thumb/v7e-m+fp/hard/crt0.o (memset)

Discarded input sections

 .text          0x0000000000000000        0x0 c:/st/stm32cubeide_1.10.1/stm32cubeide/plugins/com.st.stm32cube.ide.mcu.externaltools.gnu-tools-for-stm32.10.3-2021.10.win32_1.0.100.202210260954/tools/bin/../lib/gcc/arm-none-eabi/10.3.1/thumb/v7e-m+fp/hard/crti.o
 .data          0x0000000000000000        0x0 c:/st/stm32cubeide_1.10.1/stm32cubeide/plugins/com.st.stm32cube.ide.mcu.externaltools.gnu-tools-for-stm32.10.3-2021.10.win32_1.0.100.202210260954/tools/bin/../lib/gcc/arm-none-eabi/10.3.1/thumb/v7e-m+fp/hard/crti.o
 .bss           0x0000000000000000        0x0 c:/st/stm32cubeide_1.10.1/stm32cubeide/plugins/com.st.stm32cube.ide.mcu.externaltools.gnu-tools-for-stm32.10.3-2021.10.win32_1.0.100.202210260954/tools/bin/../lib/gcc/arm-none-eabi/10.3.1/thumb/v7e-m+fp/hard/crti.o
 .data          0x0000000000000000        0x4 c:/st/stm32cubeide_1.10.1/stm32cubeide/plugins/com.st.stm32cube.ide.mcu.externaltools.gnu-tools-for-stm32.10.3-2021.10.win32_1.0.100.202210260954/tools/bin/../lib/gcc/arm-none-eabi/10.3.1/thumb/v7e-m+fp/hard/crtbegin.o
 .rodata        0x0000000000000000       0x24 c:/st/stm32cubeide_1.10.1/stm32cubeide/plugins/com.st.stm32cube.ide.mcu.externaltools.gnu-tools-for-stm32.10.3-2021.10.win32_1.0.100.202210260954/tools/bin/../lib/gcc/arm-none-eabi/10.3.1/thumb/v7e-m+fp/hard/crtbegin.o
 .text          0x0000000000000000       0x7c c:/st/stm32cubeide_1.10.1/stm32cubeide/plugins/com.st.stm32cube.ide.mcu.externaltools.gnu-tools-for-stm32.10.3-2021.10.win32_1.0.100.202210260954/tools/bin/../lib/gcc/arm-none-eabi/10.3.1/../../../../arm-none-eabi/lib/thumb/v7e-m+fp/hard/crt0.o
 .data          0x0000000000000000        0x0 c:/st/stm32cubeide_1.10.1/stm32cubeide/plugins/com.st.stm32cube.ide.mcu.externaltools.gnu-tools-for-stm32.10.3-2021.10.win32_1.0.100.202210260954/tools/bin/../lib/gcc/arm-none-eabi/10.3.1/../../../../arm-none-eabi/lib/thumb/v7e-m+fp/hard/crt0.o
 .bss           0x0000000000000000        0x0 c:/st/stm32cubeide_1.10.1/stm32cubeide/plugins/com.st.stm32cube.ide.mcu.externaltools.gnu-tools-for-stm32.10.3-2021.10.win32_1.0.100.202210260954/tools/bin/../lib/gcc/arm-none-eabi/10.3.1/../../../../arm-none-eabi/lib/thumb/v7e-m+fp/hard/crt0.o
 .ARM.extab     0x0000000000000000        0x0 c:/st/stm32cubeide_1.10.1/stm32cubeide/plugins/com.st.stm32cube.ide.mcu.externaltools.gnu-tools-for-stm32.10.3-2021.10.win32_1.0.100.202210260954/tools/bin/../lib/gcc/arm-none-eabi/10.3.1/../../../../arm-none-eabi/lib/thumb/v7e-m+fp/hard/crt0.o
 .ARM.exidx     0x0000000000000000       0x10 c:/st/stm32cubeide_1.10.1/stm32cubeide/plugins/com.st.stm32cube.ide.mcu.externaltools.gnu-tools-for-stm32.10.3-2021.10.win32_1.0.100.202210260954/tools/bin/../lib/gcc/arm-none-eabi/10.3.1/../../../../arm-none-eabi/lib/thumb/v7e-m+fp/hard/crt0.o
 .ARM.attributes
                0x0000000000000000       0x1c c:/st/stm32cubeide_1.10.1/stm32cubeide/plugins/com.st.stm32cube.ide.mcu.externaltools.gnu-tools-for-stm32.10.3-2021.10.win32_1.0.100.202210260954/tools/bin/../lib/gcc/arm-none-eabi/10.3.1/../../../../arm-none-eabi/lib/thumb/v7e-m+fp/hard/crt0.o
 .group         0x0000000000000000        0xc ./Src/syscalls.o
 .group         0x0000000000000000        0xc ./Src/syscalls.o
 .group         0x0000000000000000        0xc ./Src/syscalls.o
 .group         0x0000000000000000        0xc ./Src/syscalls.o
 .group         0x0000000000000000        0xc ./Src/syscalls.o
 .group         0x0000000000000000        0xc ./Src/syscalls.o
 .group         0x0000000000000000        0xc ./Src/syscalls.o
 .group         0x0000000000000000        0xc ./Src/syscalls.o
 .group         0x0000000000000000        0xc ./Src/syscalls.o
 .group         0x0000000000000000        0xc ./Src/syscalls.o
 .group         0x0000000000000000        0xc ./Src/syscalls.o
 .group         0x0000000000000000        0xc ./Src/syscalls.o
 .group         0x0000000000000000        0xc ./Src/syscalls.o
 .group         0x0000000000000000        0xc ./Src/syscalls.o
 .group         0x0000000000000000        0xc ./Src/syscalls.o
 .group         0x0000000000000000        0xc ./Src/syscalls.o
 .group         0x0000000000000000        0xc ./Src/syscalls.o
 .group         0x0000000000000000        0xc ./Src/syscalls.o
 .group         0x0000000000000000        0xc ./Src/syscalls.o
 .group         0x0000000000000000        0xc ./Src/syscalls.o
 .group         0x0000000000000000        0xc ./Src/syscalls.o
 .group         0x0000000000000000        0xc ./Src/syscalls.o
 .group         0x0000000000000000        0xc ./Src/syscalls.o
 .group         0x0000000000000000        0xc ./Src/syscalls.o
 .group         0x0000000000000000        0xc ./Src/syscalls.o
 .group         0x0000000000000000        0xc ./Src/syscalls.o
 .group         0x0000000000000000        0xc ./Src/syscalls.o
 .group         0x0000000000000000        0xc ./Src/syscalls.o
 .group         0x0000000000000000        0xc ./Src/syscalls.o
 .group         0x0000000000000000        0xc ./Src/syscalls.o
 .group         0x0000000000000000        0xc ./Src/syscalls.o
 .group         0x0000000000000000        0xc ./Src/syscalls.o
 .group         0x0000000000000000        0xc ./Src/syscalls.o
 .group         0x0000000000000000        0xc ./Src/syscalls.o
 .group         0x0000000000000000        0xc ./Src/syscalls.o
 .group         0x0000000000000000        0xc ./Src/syscalls.o
 .group         0x0000000000000000        0xc ./Src/syscalls.o
 .group         0x0000000000000000        0xc ./Src/syscalls.o
 .group         0x0000000000000000        0xc ./Src/syscalls.o
 .group         0x0000000000000000        0xc ./Src/syscalls.o
 .group         0x0000000000000000        0xc ./Src/syscalls.o
 .group         0x0000000000000000        0xc ./Src/syscalls.o
 .group         0x0000000000000000        0xc ./Src/syscalls.o
 .group         0x0000000000000000        0xc ./Src/syscalls.o
 .group         0x0000000000000000        0xc ./Src/syscalls.o
 .group         0x0000000000000000        0xc ./Src/syscalls.o
 .group         0x0000000000000000        0xc ./Src/syscalls.o
 .text          0x0000000000000000        0x0 ./Src/syscalls.o
 .data          0x0000000000000000        0x0 ./Src/syscalls.o
 .bss           0x0000000000000000        0x0 ./Src/syscalls.o
 .bss.__env     0x0000000000000000        0x4 ./Src/syscalls.o
 .data.environ  0x0000000000000000        0x4 ./Src/syscalls.o
 .text.initialise_monitor_handles
                0x0000000000000000        0xe ./Src/syscalls.o
 .text._getpid  0x0000000000000000       0x10 ./Src/syscalls.o
 .text._kill    0x0000000000000000       0x20 ./Src/syscalls.o
 .text._exit    0x0000000000000000       0x14 ./Src/syscalls.o
 .text._read    0x0000000000000000       0x3a ./Src/syscalls.o
 .text._write   0x0000000000000000       0x38 ./Src/syscalls.o
 .text._close   0x0000000000000000       0x18 ./Src/syscalls.o
 .text._fstat   0x0000000000000000       0x20 ./Src/syscalls.o
 .text._isatty  0x0000000000000000       0x16 ./Src/syscalls.o
 .text._lseek   0x0000000000000000       0x1a ./Src/syscalls.o
 .text._open    0x0000000000000000       0x1c ./Src/syscalls.o
 .text._wait    0x0000000000000000       0x1e ./Src/syscalls.o
 .text._unlink  0x0000000000000000       0x1e ./Src/syscalls.o
 .text._times   0x0000000000000000       0x18 ./Src/syscalls.o
 .text._stat    0x0000000000000000       0x20 ./Src/syscalls.o
 .text._link    0x0000000000000000       0x20 ./Src/syscalls.o
 .text._fork    0x0000000000000000       0x16 ./Src/syscalls.o
 .text._execve  0x0000000000000000       0x22 ./Src/syscalls.o
 .debug_info    0x0000000000000000      0x6e0 ./Src/syscalls.o
 .debug_abbrev  0x0000000000000000      0x1b3 ./Src/syscalls.o
 .debug_aranges
                0x0000000000000000       0xa8 ./Src/syscalls.o
 .debug_ranges  0x0000000000000000       0x98 ./Src/syscalls.o
 .debug_macro   0x0000000000000000      0x24c ./Src/syscalls.o
 .debug_macro   0x0000000000000000      0xa84 ./Src/syscalls.o
 .debug_macro   0x0000000000000000       0x22 ./Src/syscalls.o
 .debug_macro   0x0000000000000000       0x4c ./Src/syscalls.o
 .debug_macro   0x0000000000000000       0x1e ./Src/syscalls.o
 .debug_macro   0x0000000000000000       0x94 ./Src/syscalls.o
 .debug_macro   0x0000000000000000       0x3c ./Src/syscalls.o
 .debug_macro   0x0000000000000000       0x34 ./Src/syscalls.o
 .debug_macro   0x0000000000000000       0x57 ./Src/syscalls.o
 .debug_macro   0x0000000000000000      0x174 ./Src/syscalls.o
 .debug_macro   0x0000000000000000      0x341 ./Src/syscalls.o
 .debug_macro   0x0000000000000000       0x16 ./Src/syscalls.o
 .debug_macro   0x0000000000000000       0x43 ./Src/syscalls.o
 .debug_macro   0x0000000000000000       0x34 ./Src/syscalls.o
 .debug_macro   0x0000000000000000       0x10 ./Src/syscalls.o
 .debug_macro   0x0000000000000000       0x58 ./Src/syscalls.o
 .debug_macro   0x0000000000000000       0x71 ./Src/syscalls.o
 .debug_macro   0x0000000000000000       0x1c ./Src/syscalls.o
 .debug_macro   0x0000000000000000      0x12a ./Src/syscalls.o
 .debug_macro   0x0000000000000000       0x10 ./Src/syscalls.o
 .debug_macro   0x0000000000000000       0x35 ./Src/syscalls.o
 .debug_macro   0x0000000000000000       0x10 ./Src/syscalls.o
 .debug_macro   0x0000000000000000       0x10 ./Src/syscalls.o
 .debug_macro   0x0000000000000000       0x10 ./Src/syscalls.o
 .debug_macro   0x0000000000000000       0x6a ./Src/syscalls.o
 .debug_macro   0x0000000000000000       0x1c ./Src/syscalls.o
 .debug_macro   0x0000000000000000       0x52 ./Src/syscalls.o
 .debug_macro   0x0000000000000000       0x22 ./Src/syscalls.o
 .debug_macro   0x0000000000000000       0x10 ./Src/syscalls.o
 .debug_macro   0x0000000000000000       0x52 ./Src/syscalls.o
 .debug_macro   0x0000000000000000       0xd5 ./Src/syscalls.o
 .debug_macro   0x0000000000000000       0x1c ./Src/syscalls.o
 .debug_macro   0x0000000000000000       0x3d ./Src/syscalls.o
 .debug_macro   0x0000000000000000       0x35 ./Src/syscalls.o
 .debug_macro   0x0000000000000000      0x12c ./Src/syscalls.o
 .debug_macro   0x0000000000000000       0x16 ./Src/syscalls.o
 .debug_macro   0x0000000000000000       0x16 ./Src/syscalls.o
 .debug_macro   0x0000000000000000       0x29 ./Src/syscalls.o
 .debug_macro   0x0000000000000000       0x10 ./Src/syscalls.o
 .debug_macro   0x0000000000000000      0x241 ./Src/syscalls.o
 .debug_macro   0x0000000000000000       0x1c ./Src/syscalls.o
 .debug_macro   0x0000000000000000       0x10 ./Src/syscalls.o
 .debug_macro   0x0000000000000000       0x10 ./Src/syscalls.o
 .debug_macro   0x0000000000000000       0x16 ./Src/syscalls.o
 .debug_macro   0x0000000000000000      0x145 ./Src/syscalls.o
 .debug_macro   0x0000000000000000      0x189 ./Src/syscalls.o
 .debug_macro   0x0000000000000000       0x16 ./Src/syscalls.o
 .debug_macro   0x0000000000000000       0xce ./Src/syscalls.o
 .debug_line    0x0000000000000000      0x7f9 ./Src/syscalls.o
 .debug_str     0x0000000000000000     0x8a74 ./Src/syscalls.o
 .comment       0x0000000000000000       0x51 ./Src/syscalls.o
 .debug_frame   0x0000000000000000      0x2ac ./Src/syscalls.o
 .ARM.attributes
                0x0000000000000000       0x34 ./Src/syscalls.o
 .group         0x0000000000000000        0xc ./Src/sysmem.o
 .group         0x0000000000000000        0xc ./Src/sysmem.o
 .group         0x0000000000000000        0xc ./Src/sysmem.o
 .group         0x0000000000000000        0xc ./Src/sysmem.o
 .group         0x0000000000000000        0xc ./Src/sysmem.o
 .group         0x0000000000000000        0xc ./Src/sysmem.o
 .group         0x0000000000000000        0xc ./Src/sysmem.o
 .group         0x0000000000000000        0xc ./Src/sysmem.o
 .group         0x0000000000000000        0xc ./Src/sysmem.o
 .group         0x0000000000000000        0xc ./Src/sysmem.o
 .group         0x0000000000000000        0xc ./Src/sysmem.o
 .group         0x0000000000000000        0xc ./Src/sysmem.o
 .group         0x0000000000000000        0xc ./Src/sysmem.o
 .group         0x0000000000000000        0xc ./Src/sysmem.o
 .group         0x0000000000000000        0xc ./Src/sysmem.o
 .group         0x0000000000000000        0xc ./Src/sysmem.o
 .group         0x0000000000000000        0xc ./Src/sysmem.o
 .group         0x0000000000000000        0xc ./Src/sysmem.o
 .group         0x0000000000000000        0xc ./Src/sysmem.o
 .group         0x0000000000000000        0xc ./Src/sysmem.o
 .group         0x0000000000000000        0xc ./Src/sysmem.o
 .group         0x0000000000000000        0xc ./Src/sysmem.o
 .text          0x0000000000000000        0x0 ./Src/sysmem.o
 .data          0x0000000000000000        0x0 ./Src/sysmem.o
 .bss           0x0000000000000000        0x0 ./Src/sysmem.o
 .bss.__sbrk_heap_end
                0x0000000000000000        0x4 ./Src/sysmem.o
 .text._sbrk    0x0000000000000000       0x6c ./Src/sysmem.o
 .debug_info    0x0000000000000000      0x171 ./Src/sysmem.o
 .debug_abbrev  0x0000000000000000       0xbb ./Src/sysmem.o
 .debug_aranges
                0x0000000000000000       0x20 ./Src/sysmem.o
 .debug_ranges  0x0000000000000000       0x10 ./Src/sysmem.o
 .debug_macro   0x0000000000000000       0xff ./Src/sysmem.o
 .debug_macro   0x0000000000000000      0xa84 ./Src/sysmem.o
 .debug_macro   0x0000000000000000       0x10 ./Src/sysmem.o
 .debug_macro   0x0000000000000000       0x22 ./Src/sysmem.o
 .debug_macro   0x0000000000000000       0x4c ./Src/sysmem.o
 .debug_macro   0x0000000000000000       0x1e ./Src/sysmem.o
 .debug_macro   0x0000000000000000       0x94 ./Src/sysmem.o
 .debug_macro   0x0000000000000000       0x3c ./Src/sysmem.o
 .debug_macro   0x0000000000000000       0x34 ./Src/sysmem.o
 .debug_macro   0x0000000000000000      0x174 ./Src/sysmem.o
 .debug_macro   0x0000000000000000       0x16 ./Src/sysmem.o
 .debug_macro   0x0000000000000000       0x43 ./Src/sysmem.o
 .debug_macro   0x0000000000000000       0x57 ./Src/sysmem.o
 .debug_macro   0x0000000000000000       0x34 ./Src/sysmem.o
 .debug_macro   0x0000000000000000       0x10 ./Src/sysmem.o
 .debug_macro   0x0000000000000000       0x58 ./Src/sysmem.o
 .debug_macro   0x0000000000000000       0x71 ./Src/sysmem.o
 .debug_macro   0x0000000000000000       0x1c ./Src/sysmem.o
 .debug_macro   0x0000000000000000      0x12a ./Src/sysmem.o
 .debug_macro   0x0000000000000000      0x23b ./Src/sysmem.o
 .debug_macro   0x0000000000000000      0x103 ./Src/sysmem.o
 .debug_macro   0x0000000000000000       0x6a ./Src/sysmem.o
 .debug_macro   0x0000000000000000      0x1df ./Src/sysmem.o
 .debug_line    0x0000000000000000      0x4ef ./Src/sysmem.o
 .debug_str     0x0000000000000000     0x5db0 ./Src/sysmem.o
 .comment       0x0000000000000000       0x51 ./Src/sysmem.o
 .debug_frame   0x0000000000000000       0x34 ./Src/sysmem.o
 .ARM.attributes
                0x0000000000000000       0x34 ./Src/sysmem.o
 .group         0x0000000000000000        0xc ./Src/timer_buzzInterrupt.o
 .group         0x0000000000000000        0xc ./Src/timer_buzzInterrupt.o
 .group         0x0000000000000000        0xc ./Src/timer_buzzInterrupt.o
 .group         0x0000000000000000        0xc ./Src/timer_buzzInterrupt.o
 .group         0x0000000000000000        0xc ./Src/timer_buzzInterrupt.o
 .group         0x0000000000000000        0xc ./Src/timer_buzzInterrupt.o
 .group         0x0000000000000000        0xc ./Src/timer_buzzInterrupt.o
 .group         0x0000000000000000        0xc ./Src/timer_buzzInterrupt.o
 .group         0x0000000000000000        0xc ./Src/timer_buzzInterrupt.o
 .group         0x0000000000000000        0xc ./Src/timer_buzzInterrupt.o
 .group         0x0000000000000000        0xc ./Src/timer_buzzInterrupt.o
 .group         0x0000000000000000        0xc ./Src/timer_buzzInterrupt.o
 .group         0x0000000000000000        0xc ./Src/timer_buzzInterrupt.o
 .group         0x0000000000000000        0xc ./Src/timer_buzzInterrupt.o
 .group         0x0000000000000000        0xc ./Src/timer_buzzInterrupt.o
 .group         0x0000000000000000        0xc ./Src/timer_buzzInterrupt.o
 .group         0x0000000000000000        0xc ./Src/timer_buzzInterrupt.o
 .group         0x0000000000000000        0xc ./Src/timer_buzzInterrupt.o
 .group         0x0000000000000000        0xc ./Src/timer_buzzInterrupt.o
 .group         0x0000000000000000        0xc ./Src/timer_buzzInterrupt.o
 .group         0x0000000000000000        0xc ./Src/timer_buzzInterrupt.o
 .group         0x0000000000000000        0xc ./Src/timer_buzzInterrupt.o
 .group         0x0000000000000000        0xc ./Src/timer_buzzInterrupt.o
 .group         0x0000000000000000        0xc ./Src/timer_buzzInterrupt.o
 .group         0x0000000000000000        0xc ./Src/timer_buzzInterrupt.o
 .group         0x0000000000000000        0xc ./Src/timer_buzzInterrupt.o
 .group         0x0000000000000000        0xc ./Src/timer_buzzInterrupt.o
 .group         0x0000000000000000        0xc ./Src/timer_buzzInterrupt.o
 .group         0x0000000000000000        0xc ./Src/timer_buzzInterrupt.o
 .text          0x0000000000000000        0x0 ./Src/timer_buzzInterrupt.o
 .data          0x0000000000000000        0x0 ./Src/timer_buzzInterrupt.o
 .bss           0x0000000000000000        0x0 ./Src/timer_buzzInterrupt.o
 .debug_macro   0x0000000000000000      0xa84 ./Src/timer_buzzInterrupt.o
 .debug_macro   0x0000000000000000       0x22 ./Src/timer_buzzInterrupt.o
 .debug_macro   0x0000000000000000      0x103 ./Src/timer_buzzInterrupt.o
 .debug_macro   0x0000000000000000       0x6a ./Src/timer_buzzInterrupt.o
 .debug_macro   0x0000000000000000      0x1df ./Src/timer_buzzInterrupt.o
 .debug_macro   0x0000000000000000       0x1e ./Src/timer_buzzInterrupt.o
 .debug_macro   0x0000000000000000       0x3c ./Src/timer_buzzInterrupt.o
 .debug_macro   0x0000000000000000       0x34 ./Src/timer_buzzInterrupt.o
 .debug_macro   0x0000000000000000      0x174 ./Src/timer_buzzInterrupt.o
 .debug_macro   0x0000000000000000       0x16 ./Src/timer_buzzInterrupt.o
 .debug_macro   0x0000000000000000       0x43 ./Src/timer_buzzInterrupt.o
 .debug_macro   0x0000000000000000       0x34 ./Src/timer_buzzInterrupt.o
 .debug_macro   0x0000000000000000       0x10 ./Src/timer_buzzInterrupt.o
 .debug_macro   0x0000000000000000       0x58 ./Src/timer_buzzInterrupt.o
 .debug_macro   0x0000000000000000       0x71 ./Src/timer_buzzInterrupt.o
 .debug_macro   0x0000000000000000       0x1c ./Src/timer_buzzInterrupt.o
 .debug_macro   0x0000000000000000      0x12a ./Src/timer_buzzInterrupt.o
 .debug_macro   0x0000000000000000      0x341 ./Src/timer_buzzInterrupt.o
 .group         0x0000000000000000        0xc ./Src/timer_countInterrupt.o
 .group         0x0000000000000000        0xc ./Src/timer_countInterrupt.o
 .group         0x0000000000000000        0xc ./Src/timer_countInterrupt.o
 .group         0x0000000000000000        0xc ./Src/timer_countInterrupt.o
 .group         0x0000000000000000        0xc ./Src/timer_countInterrupt.o
 .group         0x0000000000000000        0xc ./Src/timer_countInterrupt.o
 .group         0x0000000000000000        0xc ./Src/timer_countInterrupt.o
 .group         0x0000000000000000        0xc ./Src/timer_countInterrupt.o
 .group         0x0000000000000000        0xc ./Src/timer_countInterrupt.o
 .group         0x0000000000000000        0xc ./Src/timer_countInterrupt.o
 .group         0x0000000000000000        0xc ./Src/timer_countInterrupt.o
 .group         0x0000000000000000        0xc ./Src/timer_countInterrupt.o
 .group         0x0000000000000000        0xc ./Src/timer_countInterrupt.o
 .group         0x0000000000000000        0xc ./Src/timer_countInterrupt.o
 .group         0x0000000000000000        0xc ./Src/timer_countInterrupt.o
 .group         0x0000000000000000        0xc ./Src/timer_countInterrupt.o
 .group         0x0000000000000000        0xc ./Src/timer_countInterrupt.o
 .group         0x0000000000000000        0xc ./Src/timer_countInterrupt.o
 .group         0x0000000000000000        0xc ./Src/timer_countInterrupt.o
 .group         0x0000000000000000        0xc ./Src/timer_countInterrupt.o
 .group         0x0000000000000000        0xc ./Src/timer_countInterrupt.o
 .group         0x0000000000000000        0xc ./Src/timer_countInterrupt.o
 .group         0x0000000000000000        0xc ./Src/timer_countInterrupt.o
 .group         0x0000000000000000        0xc ./Src/timer_countInterrupt.o
 .group         0x0000000000000000        0xc ./Src/timer_countInterrupt.o
 .group         0x0000000000000000        0xc ./Src/timer_countInterrupt.o
 .group         0x0000000000000000        0xc ./Src/timer_countInterrupt.o
 .group         0x0000000000000000        0xc ./Src/timer_countInterrupt.o
 .group         0x0000000000000000        0xc ./Src/timer_countInterrupt.o
 .text          0x0000000000000000        0x0 ./Src/timer_countInterrupt.o
 .data          0x0000000000000000        0x0 ./Src/timer_countInterrupt.o
 .bss           0x0000000000000000        0x0 ./Src/timer_countInterrupt.o
 .debug_macro   0x0000000000000000      0xa84 ./Src/timer_countInterrupt.o
 .debug_macro   0x0000000000000000       0x22 ./Src/timer_countInterrupt.o
 .debug_macro   0x0000000000000000       0x8e ./Src/timer_countInterrupt.o
 .debug_macro   0x0000000000000000       0x51 ./Src/timer_countInterrupt.o
 .debug_macro   0x0000000000000000      0x103 ./Src/timer_countInterrupt.o
 .debug_macro   0x0000000000000000       0x6a ./Src/timer_countInterrupt.o
 .debug_macro   0x0000000000000000      0x1df ./Src/timer_countInterrupt.o
 .debug_macro   0x0000000000000000       0x52 ./Src/timer_countInterrupt.o
 .debug_macro   0x0000000000000000       0x1e ./Src/timer_countInterrupt.o
 .debug_macro   0x0000000000000000       0x3c ./Src/timer_countInterrupt.o
 .debug_macro   0x0000000000000000       0x34 ./Src/timer_countInterrupt.o
 .debug_macro   0x0000000000000000      0x174 ./Src/timer_countInterrupt.o
 .debug_macro   0x0000000000000000       0x16 ./Src/timer_countInterrupt.o
 .debug_macro   0x0000000000000000       0x43 ./Src/timer_countInterrupt.o
 .debug_macro   0x0000000000000000       0x34 ./Src/timer_countInterrupt.o
 .debug_macro   0x0000000000000000       0x10 ./Src/timer_countInterrupt.o
 .debug_macro   0x0000000000000000       0x58 ./Src/timer_countInterrupt.o
 .debug_macro   0x0000000000000000       0x71 ./Src/timer_countInterrupt.o
 .debug_macro   0x0000000000000000       0x1c ./Src/timer_countInterrupt.o
 .debug_macro   0x0000000000000000      0x12a ./Src/timer_countInterrupt.o
 .debug_macro   0x0000000000000000      0x341 ./Src/timer_countInterrupt.o
 .debug_macro   0x0000000000000000      0x19b ./Src/timer_countInterrupt.o
 .debug_macro   0x0000000000000000       0x28 ./Src/timer_countInterrupt.o
 .debug_macro   0x0000000000000000       0x1c ./Src/timer_countInterrupt.o
 .debug_macro   0x0000000000000000       0x22 ./Src/timer_countInterrupt.o
 .debug_macro   0x0000000000000000       0xd9 ./Src/timer_countInterrupt.o
 .debug_macro   0x0000000000000000     0x102d ./Src/timer_countInterrupt.o
 .debug_macro   0x0000000000000000      0x11f ./Src/timer_countInterrupt.o
 .debug_macro   0x0000000000000000    0x12a3a ./Src/timer_countInterrupt.o
 .group         0x0000000000000000        0xc ./Src/timer_display.o
 .group         0x0000000000000000        0xc ./Src/timer_display.o
 .group         0x0000000000000000        0xc ./Src/timer_display.o
 .group         0x0000000000000000        0xc ./Src/timer_display.o
 .group         0x0000000000000000        0xc ./Src/timer_display.o
 .group         0x0000000000000000        0xc ./Src/timer_display.o
 .group         0x0000000000000000        0xc ./Src/timer_display.o
 .group         0x0000000000000000        0xc ./Src/timer_display.o
 .group         0x0000000000000000        0xc ./Src/timer_display.o
 .group         0x0000000000000000        0xc ./Src/timer_display.o
 .group         0x0000000000000000        0xc ./Src/timer_display.o
 .group         0x0000000000000000        0xc ./Src/timer_display.o
 .group         0x0000000000000000        0xc ./Src/timer_display.o
 .group         0x0000000000000000        0xc ./Src/timer_display.o
 .group         0x0000000000000000        0xc ./Src/timer_display.o
 .group         0x0000000000000000        0xc ./Src/timer_display.o
 .group         0x0000000000000000        0xc ./Src/timer_display.o
 .group         0x0000000000000000        0xc ./Src/timer_display.o
 .group         0x0000000000000000        0xc ./Src/timer_display.o
 .group         0x0000000000000000        0xc ./Src/timer_display.o
 .group         0x0000000000000000        0xc ./Src/timer_display.o
 .group         0x0000000000000000        0xc ./Src/timer_display.o
 .group         0x0000000000000000        0xc ./Src/timer_display.o
 .group         0x0000000000000000        0xc ./Src/timer_display.o
 .group         0x0000000000000000        0xc ./Src/timer_display.o
 .group         0x0000000000000000        0xc ./Src/timer_display.o
 .group         0x0000000000000000        0xc ./Src/timer_display.o
 .group         0x0000000000000000        0xc ./Src/timer_display.o
 .group         0x0000000000000000        0xc ./Src/timer_display.o
 .text          0x0000000000000000        0x0 ./Src/timer_display.o
 .data          0x0000000000000000        0x0 ./Src/timer_display.o
 .bss           0x0000000000000000        0x0 ./Src/timer_display.o
 .debug_macro   0x0000000000000000      0xa84 ./Src/timer_display.o
 .debug_macro   0x0000000000000000       0x22 ./Src/timer_display.o
 .debug_macro   0x0000000000000000       0x8e ./Src/timer_display.o
 .debug_macro   0x0000000000000000       0x51 ./Src/timer_display.o
 .debug_macro   0x0000000000000000      0x103 ./Src/timer_display.o
 .debug_macro   0x0000000000000000       0x6a ./Src/timer_display.o
 .debug_macro   0x0000000000000000      0x1df ./Src/timer_display.o
 .debug_macro   0x0000000000000000       0x52 ./Src/timer_display.o
 .debug_macro   0x0000000000000000       0x1e ./Src/timer_display.o
 .debug_macro   0x0000000000000000       0x3c ./Src/timer_display.o
 .debug_macro   0x0000000000000000       0x34 ./Src/timer_display.o
 .debug_macro   0x0000000000000000      0x174 ./Src/timer_display.o
 .debug_macro   0x0000000000000000       0x16 ./Src/timer_display.o
 .debug_macro   0x0000000000000000       0x43 ./Src/timer_display.o
 .debug_macro   0x0000000000000000       0x34 ./Src/timer_display.o
 .debug_macro   0x0000000000000000       0x10 ./Src/timer_display.o
 .debug_macro   0x0000000000000000       0x58 ./Src/timer_display.o
 .debug_macro   0x0000000000000000       0x71 ./Src/timer_display.o
 .debug_macro   0x0000000000000000       0x1c ./Src/timer_display.o
 .debug_macro   0x0000000000000000      0x12a ./Src/timer_display.o
 .debug_macro   0x0000000000000000      0x341 ./Src/timer_display.o
 .debug_macro   0x0000000000000000      0x19b ./Src/timer_display.o
 .debug_macro   0x0000000000000000       0x28 ./Src/timer_display.o
 .debug_macro   0x0000000000000000       0x1c ./Src/timer_display.o
 .debug_macro   0x0000000000000000       0x22 ./Src/timer_display.o
 .debug_macro   0x0000000000000000       0xd9 ./Src/timer_display.o
 .debug_macro   0x0000000000000000     0x102d ./Src/timer_display.o
 .debug_macro   0x0000000000000000      0x11f ./Src/timer_display.o
 .debug_macro   0x0000000000000000    0x12a3a ./Src/timer_display.o
 .group         0x0000000000000000        0xc ./Src/timer_led.o
 .group         0x0000000000000000        0xc ./Src/timer_led.o
 .group         0x0000000000000000        0xc ./Src/timer_led.o
 .group         0x0000000000000000        0xc ./Src/timer_led.o
 .group         0x0000000000000000        0xc ./Src/timer_led.o
 .group         0x0000000000000000        0xc ./Src/timer_led.o
 .group         0x0000000000000000        0xc ./Src/timer_led.o
 .group         0x0000000000000000        0xc ./Src/timer_led.o
 .group         0x0000000000000000        0xc ./Src/timer_led.o
 .group         0x0000000000000000        0xc ./Src/timer_led.o
 .group         0x0000000000000000        0xc ./Src/timer_led.o
 .group         0x0000000000000000        0xc ./Src/timer_led.o
 .group         0x0000000000000000        0xc ./Src/timer_led.o
 .group         0x0000000000000000        0xc ./Src/timer_led.o
 .group         0x0000000000000000        0xc ./Src/timer_led.o
 .group         0x0000000000000000        0xc ./Src/timer_led.o
 .group         0x0000000000000000        0xc ./Src/timer_led.o
 .group         0x0000000000000000        0xc ./Src/timer_led.o
 .group         0x0000000000000000        0xc ./Src/timer_led.o
 .group         0x0000000000000000        0xc ./Src/timer_led.o
 .group         0x0000000000000000        0xc ./Src/timer_led.o
 .group         0x0000000000000000        0xc ./Src/timer_led.o
 .group         0x0000000000000000        0xc ./Src/timer_led.o
 .group         0x0000000000000000        0xc ./Src/timer_led.o
 .group         0x0000000000000000        0xc ./Src/timer_led.o
 .group         0x0000000000000000        0xc ./Src/timer_led.o
 .group         0x0000000000000000        0xc ./Src/timer_led.o
 .group         0x0000000000000000        0xc ./Src/timer_led.o
 .group         0x0000000000000000        0xc ./Src/timer_led.o
 .text          0x0000000000000000        0x0 ./Src/timer_led.o
 .data          0x0000000000000000        0x0 ./Src/timer_led.o
 .bss           0x0000000000000000        0x0 ./Src/timer_led.o
 .debug_macro   0x0000000000000000      0xa84 ./Src/timer_led.o
 .debug_macro   0x0000000000000000       0x22 ./Src/timer_led.o
 .debug_macro   0x0000000000000000       0x8e ./Src/timer_led.o
 .debug_macro   0x0000000000000000       0x51 ./Src/timer_led.o
 .debug_macro   0x0000000000000000      0x103 ./Src/timer_led.o
 .debug_macro   0x0000000000000000       0x6a ./Src/timer_led.o
 .debug_macro   0x0000000000000000      0x1df ./Src/timer_led.o
 .debug_macro   0x0000000000000000       0x52 ./Src/timer_led.o
 .debug_macro   0x0000000000000000       0x1e ./Src/timer_led.o
 .debug_macro   0x0000000000000000       0x3c ./Src/timer_led.o
 .debug_macro   0x0000000000000000       0x34 ./Src/timer_led.o
 .debug_macro   0x0000000000000000      0x174 ./Src/timer_led.o
 .debug_macro   0x0000000000000000       0x16 ./Src/timer_led.o
 .debug_macro   0x0000000000000000       0x43 ./Src/timer_led.o
 .debug_macro   0x0000000000000000       0x34 ./Src/timer_led.o
 .debug_macro   0x0000000000000000       0x10 ./Src/timer_led.o
 .debug_macro   0x0000000000000000       0x58 ./Src/timer_led.o
 .debug_macro   0x0000000000000000       0x71 ./Src/timer_led.o
 .debug_macro   0x0000000000000000       0x1c ./Src/timer_led.o
 .debug_macro   0x0000000000000000      0x12a ./Src/timer_led.o
 .debug_macro   0x0000000000000000      0x341 ./Src/timer_led.o
 .debug_macro   0x0000000000000000      0x19b ./Src/timer_led.o
 .debug_macro   0x0000000000000000       0x28 ./Src/timer_led.o
 .debug_macro   0x0000000000000000       0x1c ./Src/timer_led.o
 .debug_macro   0x0000000000000000       0x22 ./Src/timer_led.o
 .debug_macro   0x0000000000000000       0xd9 ./Src/timer_led.o
 .debug_macro   0x0000000000000000     0x102d ./Src/timer_led.o
 .debug_macro   0x0000000000000000      0x11f ./Src/timer_led.o
 .debug_macro   0x0000000000000000    0x12a3a ./Src/timer_led.o
 .group         0x0000000000000000        0xc ./Src/timer_main.o
 .group         0x0000000000000000        0xc ./Src/timer_main.o
 .group         0x0000000000000000        0xc ./Src/timer_main.o
 .group         0x0000000000000000        0xc ./Src/timer_main.o
 .group         0x0000000000000000        0xc ./Src/timer_main.o
 .group         0x0000000000000000        0xc ./Src/timer_main.o
 .group         0x0000000000000000        0xc ./Src/timer_main.o
 .group         0x0000000000000000        0xc ./Src/timer_main.o
 .group         0x0000000000000000        0xc ./Src/timer_main.o
 .group         0x0000000000000000        0xc ./Src/timer_main.o
 .group         0x0000000000000000        0xc ./Src/timer_main.o
 .group         0x0000000000000000        0xc ./Src/timer_main.o
 .group         0x0000000000000000        0xc ./Src/timer_main.o
 .group         0x0000000000000000        0xc ./Src/timer_main.o
 .group         0x0000000000000000        0xc ./Src/timer_main.o
 .group         0x0000000000000000        0xc ./Src/timer_main.o
 .group         0x0000000000000000        0xc ./Src/timer_main.o
 .group         0x0000000000000000        0xc ./Src/timer_main.o
 .group         0x0000000000000000        0xc ./Src/timer_main.o
 .group         0x0000000000000000        0xc ./Src/timer_main.o
 .group         0x0000000000000000        0xc ./Src/timer_main.o
 .group         0x0000000000000000        0xc ./Src/timer_main.o
 .group         0x0000000000000000        0xc ./Src/timer_main.o
 .group         0x0000000000000000        0xc ./Src/timer_main.o
 .group         0x0000000000000000        0xc ./Src/timer_main.o
 .group         0x0000000000000000        0xc ./Src/timer_main.o
 .group         0x0000000000000000        0xc ./Src/timer_main.o
 .group         0x0000000000000000        0xc ./Src/timer_main.o
 .group         0x0000000000000000        0xc ./Src/timer_main.o
 .text          0x0000000000000000        0x0 ./Src/timer_main.o
 .data          0x0000000000000000        0x0 ./Src/timer_main.o
 .bss           0x0000000000000000        0x0 ./Src/timer_main.o
 .debug_macro   0x0000000000000000      0xa84 ./Src/timer_main.o
 .debug_macro   0x0000000000000000       0x22 ./Src/timer_main.o
 .debug_macro   0x0000000000000000       0x8e ./Src/timer_main.o
 .debug_macro   0x0000000000000000       0x51 ./Src/timer_main.o
 .debug_macro   0x0000000000000000      0x103 ./Src/timer_main.o
 .debug_macro   0x0000000000000000       0x6a ./Src/timer_main.o
 .debug_macro   0x0000000000000000      0x1df ./Src/timer_main.o
 .debug_macro   0x0000000000000000       0x52 ./Src/timer_main.o
 .debug_macro   0x0000000000000000       0x1e ./Src/timer_main.o
 .debug_macro   0x0000000000000000       0x3c ./Src/timer_main.o
 .debug_macro   0x0000000000000000       0x34 ./Src/timer_main.o
 .debug_macro   0x0000000000000000      0x174 ./Src/timer_main.o
 .debug_macro   0x0000000000000000       0x16 ./Src/timer_main.o
 .debug_macro   0x0000000000000000       0x43 ./Src/timer_main.o
 .debug_macro   0x0000000000000000       0x34 ./Src/timer_main.o
 .debug_macro   0x0000000000000000       0x10 ./Src/timer_main.o
 .debug_macro   0x0000000000000000       0x58 ./Src/timer_main.o
 .debug_macro   0x0000000000000000       0x71 ./Src/timer_main.o
 .debug_macro   0x0000000000000000       0x1c ./Src/timer_main.o
 .debug_macro   0x0000000000000000      0x12a ./Src/timer_main.o
 .debug_macro   0x0000000000000000      0x341 ./Src/timer_main.o
 .debug_macro   0x0000000000000000      0x19b ./Src/timer_main.o
 .debug_macro   0x0000000000000000       0x28 ./Src/timer_main.o
 .debug_macro   0x0000000000000000       0x1c ./Src/timer_main.o
 .debug_macro   0x0000000000000000       0x22 ./Src/timer_main.o
 .debug_macro   0x0000000000000000       0xd9 ./Src/timer_main.o
 .debug_macro   0x0000000000000000     0x102d ./Src/timer_main.o
 .debug_macro   0x0000000000000000      0x11f ./Src/timer_main.o
 .debug_macro   0x0000000000000000    0x12a3a ./Src/timer_main.o
 .text          0x0000000000000000       0x14 ./Startup/startup_stm32f303vctx.o
 .data          0x0000000000000000        0x0 ./Startup/startup_stm32f303vctx.o
 .bss           0x0000000000000000        0x0 ./Startup/startup_stm32f303vctx.o
 .text          0x0000000000000000        0x0 c:/st/stm32cubeide_1.10.1/stm32cubeide/plugins/com.st.stm32cube.ide.mcu.externaltools.gnu-tools-for-stm32.10.3-2021.10.win32_1.0.100.202210260954/tools/bin/../lib/gcc/arm-none-eabi/10.3.1/../../../../arm-none-eabi/lib/thumb/v7e-m+fp/hard\libc_nano.a(lib_a-errno.o)
 .data          0x0000000000000000        0x0 c:/st/stm32cubeide_1.10.1/stm32cubeide/plugins/com.st.stm32cube.ide.mcu.externaltools.gnu-tools-for-stm32.10.3-2021.10.win32_1.0.100.202210260954/tools/bin/../lib/gcc/arm-none-eabi/10.3.1/../../../../arm-none-eabi/lib/thumb/v7e-m+fp/hard\libc_nano.a(lib_a-errno.o)
 .bss           0x0000000000000000        0x0 c:/st/stm32cubeide_1.10.1/stm32cubeide/plugins/com.st.stm32cube.ide.mcu.externaltools.gnu-tools-for-stm32.10.3-2021.10.win32_1.0.100.202210260954/tools/bin/../lib/gcc/arm-none-eabi/10.3.1/../../../../arm-none-eabi/lib/thumb/v7e-m+fp/hard\libc_nano.a(lib_a-errno.o)
 .text.__errno  0x0000000000000000        0xc c:/st/stm32cubeide_1.10.1/stm32cubeide/plugins/com.st.stm32cube.ide.mcu.externaltools.gnu-tools-for-stm32.10.3-2021.10.win32_1.0.100.202210260954/tools/bin/../lib/gcc/arm-none-eabi/10.3.1/../../../../arm-none-eabi/lib/thumb/v7e-m+fp/hard\libc_nano.a(lib_a-errno.o)
 .debug_frame   0x0000000000000000       0x20 c:/st/stm32cubeide_1.10.1/stm32cubeide/plugins/com.st.stm32cube.ide.mcu.externaltools.gnu-tools-for-stm32.10.3-2021.10.win32_1.0.100.202210260954/tools/bin/../lib/gcc/arm-none-eabi/10.3.1/../../../../arm-none-eabi/lib/thumb/v7e-m+fp/hard\libc_nano.a(lib_a-errno.o)
 .ARM.attributes
                0x0000000000000000       0x34 c:/st/stm32cubeide_1.10.1/stm32cubeide/plugins/com.st.stm32cube.ide.mcu.externaltools.gnu-tools-for-stm32.10.3-2021.10.win32_1.0.100.202210260954/tools/bin/../lib/gcc/arm-none-eabi/10.3.1/../../../../arm-none-eabi/lib/thumb/v7e-m+fp/hard\libc_nano.a(lib_a-errno.o)
 .text          0x0000000000000000        0x0 c:/st/stm32cubeide_1.10.1/stm32cubeide/plugins/com.st.stm32cube.ide.mcu.externaltools.gnu-tools-for-stm32.10.3-2021.10.win32_1.0.100.202210260954/tools/bin/../lib/gcc/arm-none-eabi/10.3.1/../../../../arm-none-eabi/lib/thumb/v7e-m+fp/hard\libc_nano.a(lib_a-exit.o)
 .data          0x0000000000000000        0x0 c:/st/stm32cubeide_1.10.1/stm32cubeide/plugins/com.st.stm32cube.ide.mcu.externaltools.gnu-tools-for-stm32.10.3-2021.10.win32_1.0.100.202210260954/tools/bin/../lib/gcc/arm-none-eabi/10.3.1/../../../../arm-none-eabi/lib/thumb/v7e-m+fp/hard\libc_nano.a(lib_a-exit.o)
 .bss           0x0000000000000000        0x0 c:/st/stm32cubeide_1.10.1/stm32cubeide/plugins/com.st.stm32cube.ide.mcu.externaltools.gnu-tools-for-stm32.10.3-2021.10.win32_1.0.100.202210260954/tools/bin/../lib/gcc/arm-none-eabi/10.3.1/../../../../arm-none-eabi/lib/thumb/v7e-m+fp/hard\libc_nano.a(lib_a-exit.o)
 .text.exit     0x0000000000000000       0x28 c:/st/stm32cubeide_1.10.1/stm32cubeide/plugins/com.st.stm32cube.ide.mcu.externaltools.gnu-tools-for-stm32.10.3-2021.10.win32_1.0.100.202210260954/tools/bin/../lib/gcc/arm-none-eabi/10.3.1/../../../../arm-none-eabi/lib/thumb/v7e-m+fp/hard\libc_nano.a(lib_a-exit.o)
 .debug_frame   0x0000000000000000       0x28 c:/st/stm32cubeide_1.10.1/stm32cubeide/plugins/com.st.stm32cube.ide.mcu.externaltools.gnu-tools-for-stm32.10.3-2021.10.win32_1.0.100.202210260954/tools/bin/../lib/gcc/arm-none-eabi/10.3.1/../../../../arm-none-eabi/lib/thumb/v7e-m+fp/hard\libc_nano.a(lib_a-exit.o)
 .ARM.attributes
                0x0000000000000000       0x34 c:/st/stm32cubeide_1.10.1/stm32cubeide/plugins/com.st.stm32cube.ide.mcu.externaltools.gnu-tools-for-stm32.10.3-2021.10.win32_1.0.100.202210260954/tools/bin/../lib/gcc/arm-none-eabi/10.3.1/../../../../arm-none-eabi/lib/thumb/v7e-m+fp/hard\libc_nano.a(lib_a-exit.o)
 .text          0x0000000000000000        0x0 c:/st/stm32cubeide_1.10.1/stm32cubeide/plugins/com.st.stm32cube.ide.mcu.externaltools.gnu-tools-for-stm32.10.3-2021.10.win32_1.0.100.202210260954/tools/bin/../lib/gcc/arm-none-eabi/10.3.1/../../../../arm-none-eabi/lib/thumb/v7e-m+fp/hard\libc_nano.a(lib_a-impure.o)
 .data          0x0000000000000000        0x0 c:/st/stm32cubeide_1.10.1/stm32cubeide/plugins/com.st.stm32cube.ide.mcu.externaltools.gnu-tools-for-stm32.10.3-2021.10.win32_1.0.100.202210260954/tools/bin/../lib/gcc/arm-none-eabi/10.3.1/../../../../arm-none-eabi/lib/thumb/v7e-m+fp/hard\libc_nano.a(lib_a-impure.o)
 .bss           0x0000000000000000        0x0 c:/st/stm32cubeide_1.10.1/stm32cubeide/plugins/com.st.stm32cube.ide.mcu.externaltools.gnu-tools-for-stm32.10.3-2021.10.win32_1.0.100.202210260954/tools/bin/../lib/gcc/arm-none-eabi/10.3.1/../../../../arm-none-eabi/lib/thumb/v7e-m+fp/hard\libc_nano.a(lib_a-impure.o)
 .data._impure_ptr
                0x0000000000000000        0x4 c:/st/stm32cubeide_1.10.1/stm32cubeide/plugins/com.st.stm32cube.ide.mcu.externaltools.gnu-tools-for-stm32.10.3-2021.10.win32_1.0.100.202210260954/tools/bin/../lib/gcc/arm-none-eabi/10.3.1/../../../../arm-none-eabi/lib/thumb/v7e-m+fp/hard\libc_nano.a(lib_a-impure.o)
 .data.impure_data
                0x0000000000000000       0x60 c:/st/stm32cubeide_1.10.1/stm32cubeide/plugins/com.st.stm32cube.ide.mcu.externaltools.gnu-tools-for-stm32.10.3-2021.10.win32_1.0.100.202210260954/tools/bin/../lib/gcc/arm-none-eabi/10.3.1/../../../../arm-none-eabi/lib/thumb/v7e-m+fp/hard\libc_nano.a(lib_a-impure.o)
 .rodata._global_impure_ptr
                0x0000000000000000        0x4 c:/st/stm32cubeide_1.10.1/stm32cubeide/plugins/com.st.stm32cube.ide.mcu.externaltools.gnu-tools-for-stm32.10.3-2021.10.win32_1.0.100.202210260954/tools/bin/../lib/gcc/arm-none-eabi/10.3.1/../../../../arm-none-eabi/lib/thumb/v7e-m+fp/hard\libc_nano.a(lib_a-impure.o)
 .ARM.attributes
                0x0000000000000000       0x34 c:/st/stm32cubeide_1.10.1/stm32cubeide/plugins/com.st.stm32cube.ide.mcu.externaltools.gnu-tools-for-stm32.10.3-2021.10.win32_1.0.100.202210260954/tools/bin/../lib/gcc/arm-none-eabi/10.3.1/../../../../arm-none-eabi/lib/thumb/v7e-m+fp/hard\libc_nano.a(lib_a-impure.o)
 .text          0x0000000000000000        0x0 c:/st/stm32cubeide_1.10.1/stm32cubeide/plugins/com.st.stm32cube.ide.mcu.externaltools.gnu-tools-for-stm32.10.3-2021.10.win32_1.0.100.202210260954/tools/bin/../lib/gcc/arm-none-eabi/10.3.1/../../../../arm-none-eabi/lib/thumb/v7e-m+fp/hard\libc_nano.a(lib_a-init.o)
 .data          0x0000000000000000        0x0 c:/st/stm32cubeide_1.10.1/stm32cubeide/plugins/com.st.stm32cube.ide.mcu.externaltools.gnu-tools-for-stm32.10.3-2021.10.win32_1.0.100.202210260954/tools/bin/../lib/gcc/arm-none-eabi/10.3.1/../../../../arm-none-eabi/lib/thumb/v7e-m+fp/hard\libc_nano.a(lib_a-init.o)
 .bss           0x0000000000000000        0x0 c:/st/stm32cubeide_1.10.1/stm32cubeide/plugins/com.st.stm32cube.ide.mcu.externaltools.gnu-tools-for-stm32.10.3-2021.10.win32_1.0.100.202210260954/tools/bin/../lib/gcc/arm-none-eabi/10.3.1/../../../../arm-none-eabi/lib/thumb/v7e-m+fp/hard\libc_nano.a(lib_a-init.o)
 .text          0x0000000000000000        0x0 c:/st/stm32cubeide_1.10.1/stm32cubeide/plugins/com.st.stm32cube.ide.mcu.externaltools.gnu-tools-for-stm32.10.3-2021.10.win32_1.0.100.202210260954/tools/bin/../lib/gcc/arm-none-eabi/10.3.1/../../../../arm-none-eabi/lib/thumb/v7e-m+fp/hard\libc_nano.a(lib_a-memset.o)
 .data          0x0000000000000000        0x0 c:/st/stm32cubeide_1.10.1/stm32cubeide/plugins/com.st.stm32cube.ide.mcu.externaltools.gnu-tools-for-stm32.10.3-2021.10.win32_1.0.100.202210260954/tools/bin/../lib/gcc/arm-none-eabi/10.3.1/../../../../arm-none-eabi/lib/thumb/v7e-m+fp/hard\libc_nano.a(lib_a-memset.o)
 .bss           0x0000000000000000        0x0 c:/st/stm32cubeide_1.10.1/stm32cubeide/plugins/com.st.stm32cube.ide.mcu.externaltools.gnu-tools-for-stm32.10.3-2021.10.win32_1.0.100.202210260954/tools/bin/../lib/gcc/arm-none-eabi/10.3.1/../../../../arm-none-eabi/lib/thumb/v7e-m+fp/hard\libc_nano.a(lib_a-memset.o)
 .text.memset   0x0000000000000000       0x10 c:/st/stm32cubeide_1.10.1/stm32cubeide/plugins/com.st.stm32cube.ide.mcu.externaltools.gnu-tools-for-stm32.10.3-2021.10.win32_1.0.100.202210260954/tools/bin/../lib/gcc/arm-none-eabi/10.3.1/../../../../arm-none-eabi/lib/thumb/v7e-m+fp/hard\libc_nano.a(lib_a-memset.o)
 .debug_frame   0x0000000000000000       0x20 c:/st/stm32cubeide_1.10.1/stm32cubeide/plugins/com.st.stm32cube.ide.mcu.externaltools.gnu-tools-for-stm32.10.3-2021.10.win32_1.0.100.202210260954/tools/bin/../lib/gcc/arm-none-eabi/10.3.1/../../../../arm-none-eabi/lib/thumb/v7e-m+fp/hard\libc_nano.a(lib_a-memset.o)
 .ARM.attributes
                0x0000000000000000       0x34 c:/st/stm32cubeide_1.10.1/stm32cubeide/plugins/com.st.stm32cube.ide.mcu.externaltools.gnu-tools-for-stm32.10.3-2021.10.win32_1.0.100.202210260954/tools/bin/../lib/gcc/arm-none-eabi/10.3.1/../../../../arm-none-eabi/lib/thumb/v7e-m+fp/hard\libc_nano.a(lib_a-memset.o)
 .text          0x0000000000000000        0x0 c:/st/stm32cubeide_1.10.1/stm32cubeide/plugins/com.st.stm32cube.ide.mcu.externaltools.gnu-tools-for-stm32.10.3-2021.10.win32_1.0.100.202210260954/tools/bin/../lib/gcc/arm-none-eabi/10.3.1/thumb/v7e-m+fp/hard/crtend.o
 .data          0x0000000000000000        0x0 c:/st/stm32cubeide_1.10.1/stm32cubeide/plugins/com.st.stm32cube.ide.mcu.externaltools.gnu-tools-for-stm32.10.3-2021.10.win32_1.0.100.202210260954/tools/bin/../lib/gcc/arm-none-eabi/10.3.1/thumb/v7e-m+fp/hard/crtend.o
 .bss           0x0000000000000000        0x0 c:/st/stm32cubeide_1.10.1/stm32cubeide/plugins/com.st.stm32cube.ide.mcu.externaltools.gnu-tools-for-stm32.10.3-2021.10.win32_1.0.100.202210260954/tools/bin/../lib/gcc/arm-none-eabi/10.3.1/thumb/v7e-m+fp/hard/crtend.o
 .rodata        0x0000000000000000       0x24 c:/st/stm32cubeide_1.10.1/stm32cubeide/plugins/com.st.stm32cube.ide.mcu.externaltools.gnu-tools-for-stm32.10.3-2021.10.win32_1.0.100.202210260954/tools/bin/../lib/gcc/arm-none-eabi/10.3.1/thumb/v7e-m+fp/hard/crtend.o
 .eh_frame      0x0000000000000000        0x4 c:/st/stm32cubeide_1.10.1/stm32cubeide/plugins/com.st.stm32cube.ide.mcu.externaltools.gnu-tools-for-stm32.10.3-2021.10.win32_1.0.100.202210260954/tools/bin/../lib/gcc/arm-none-eabi/10.3.1/thumb/v7e-m+fp/hard/crtend.o
 .ARM.attributes
                0x0000000000000000       0x34 c:/st/stm32cubeide_1.10.1/stm32cubeide/plugins/com.st.stm32cube.ide.mcu.externaltools.gnu-tools-for-stm32.10.3-2021.10.win32_1.0.100.202210260954/tools/bin/../lib/gcc/arm-none-eabi/10.3.1/thumb/v7e-m+fp/hard/crtend.o
 .text          0x0000000000000000        0x0 c:/st/stm32cubeide_1.10.1/stm32cubeide/plugins/com.st.stm32cube.ide.mcu.externaltools.gnu-tools-for-stm32.10.3-2021.10.win32_1.0.100.202210260954/tools/bin/../lib/gcc/arm-none-eabi/10.3.1/thumb/v7e-m+fp/hard/crtn.o
 .data          0x0000000000000000        0x0 c:/st/stm32cubeide_1.10.1/stm32cubeide/plugins/com.st.stm32cube.ide.mcu.externaltools.gnu-tools-for-stm32.10.3-2021.10.win32_1.0.100.202210260954/tools/bin/../lib/gcc/arm-none-eabi/10.3.1/thumb/v7e-m+fp/hard/crtn.o
 .bss           0x0000000000000000        0x0 c:/st/stm32cubeide_1.10.1/stm32cubeide/plugins/com.st.stm32cube.ide.mcu.externaltools.gnu-tools-for-stm32.10.3-2021.10.win32_1.0.100.202210260954/tools/bin/../lib/gcc/arm-none-eabi/10.3.1/thumb/v7e-m+fp/hard/crtn.o

Memory Configuration

Name             Origin             Length             Attributes
CCMRAM           0x0000000010000000 0x0000000000002000 xrw
RAM              0x0000000020000000 0x000000000000a000 xrw
FLASH            0x0000000008000000 0x0000000000040000 xr
*default*        0x0000000000000000 0xffffffffffffffff

Linker script and memory map

LOAD c:/st/stm32cubeide_1.10.1/stm32cubeide/plugins/com.st.stm32cube.ide.mcu.externaltools.gnu-tools-for-stm32.10.3-2021.10.win32_1.0.100.202210260954/tools/bin/../lib/gcc/arm-none-eabi/10.3.1/thumb/v7e-m+fp/hard/crti.o
LOAD c:/st/stm32cubeide_1.10.1/stm32cubeide/plugins/com.st.stm32cube.ide.mcu.externaltools.gnu-tools-for-stm32.10.3-2021.10.win32_1.0.100.202210260954/tools/bin/../lib/gcc/arm-none-eabi/10.3.1/thumb/v7e-m+fp/hard/crtbegin.o
LOAD c:/st/stm32cubeide_1.10.1/stm32cubeide/plugins/com.st.stm32cube.ide.mcu.externaltools.gnu-tools-for-stm32.10.3-2021.10.win32_1.0.100.202210260954/tools/bin/../lib/gcc/arm-none-eabi/10.3.1/../../../../arm-none-eabi/lib/thumb/v7e-m+fp/hard/crt0.o
LOAD ./Src/syscalls.o
LOAD ./Src/sysmem.o
LOAD ./Src/timer_buzzInterrupt.o
LOAD ./Src/timer_countInterrupt.o
LOAD ./Src/timer_display.o
LOAD ./Src/timer_led.o
LOAD ./Src/timer_main.o
LOAD ./Startup/startup_stm32f303vctx.o
START GROUP
LOAD c:/st/stm32cubeide_1.10.1/stm32cubeide/plugins/com.st.stm32cube.ide.mcu.externaltools.gnu-tools-for-stm32.10.3-2021.10.win32_1.0.100.202210260954/tools/bin/../lib/gcc/arm-none-eabi/10.3.1/../../../../arm-none-eabi/lib/thumb/v7e-m+fp/hard\libc_nano.a
LOAD c:/st/stm32cubeide_1.10.1/stm32cubeide/plugins/com.st.stm32cube.ide.mcu.externaltools.gnu-tools-for-stm32.10.3-2021.10.win32_1.0.100.202210260954/tools/bin/../lib/gcc/arm-none-eabi/10.3.1/../../../../arm-none-eabi/lib/thumb/v7e-m+fp/hard\libm.a
END GROUP
START GROUP
LOAD c:/st/stm32cubeide_1.10.1/stm32cubeide/plugins/com.st.stm32cube.ide.mcu.externaltools.gnu-tools-for-stm32.10.3-2021.10.win32_1.0.100.202210260954/tools/bin/../lib/gcc/arm-none-eabi/10.3.1/thumb/v7e-m+fp/hard\libgcc.a
LOAD c:/st/stm32cubeide_1.10.1/stm32cubeide/plugins/com.st.stm32cube.ide.mcu.externaltools.gnu-tools-for-stm32.10.3-2021.10.win32_1.0.100.202210260954/tools/bin/../lib/gcc/arm-none-eabi/10.3.1/../../../../arm-none-eabi/lib/thumb/v7e-m+fp/hard\libc_nano.a
END GROUP
START GROUP
LOAD c:/st/stm32cubeide_1.10.1/stm32cubeide/plugins/com.st.stm32cube.ide.mcu.externaltools.gnu-tools-for-stm32.10.3-2021.10.win32_1.0.100.202210260954/tools/bin/../lib/gcc/arm-none-eabi/10.3.1/thumb/v7e-m+fp/hard\libgcc.a
LOAD c:/st/stm32cubeide_1.10.1/stm32cubeide/plugins/com.st.stm32cube.ide.mcu.externaltools.gnu-tools-for-stm32.10.3-2021.10.win32_1.0.100.202210260954/tools/bin/../lib/gcc/arm-none-eabi/10.3.1/../../../../arm-none-eabi/lib/thumb/v7e-m+fp/hard\libc_nano.a
LOAD c:/st/stm32cubeide_1.10.1/stm32cubeide/plugins/com.st.stm32cube.ide.mcu.externaltools.gnu-tools-for-stm32.10.3-2021.10.win32_1.0.100.202210260954/tools/bin/../lib/gcc/arm-none-eabi/10.3.1/../../../../arm-none-eabi/lib/thumb/v7e-m+fp/hard\libnosys.a
END GROUP
START GROUP
LOAD c:/st/stm32cubeide_1.10.1/stm32cubeide/plugins/com.st.stm32cube.ide.mcu.externaltools.gnu-tools-for-stm32.10.3-2021.10.win32_1.0.100.202210260954/tools/bin/../lib/gcc/arm-none-eabi/10.3.1/thumb/v7e-m+fp/hard\libgcc.a
LOAD c:/st/stm32cubeide_1.10.1/stm32cubeide/plugins/com.st.stm32cube.ide.mcu.externaltools.gnu-tools-for-stm32.10.3-2021.10.win32_1.0.100.202210260954/tools/bin/../lib/gcc/arm-none-eabi/10.3.1/../../../../arm-none-eabi/lib/thumb/v7e-m+fp/hard\libc_nano.a
LOAD c:/st/stm32cubeide_1.10.1/stm32cubeide/plugins/com.st.stm32cube.ide.mcu.externaltools.gnu-tools-for-stm32.10.3-2021.10.win32_1.0.100.202210260954/tools/bin/../lib/gcc/arm-none-eabi/10.3.1/../../../../arm-none-eabi/lib/thumb/v7e-m+fp/hard\libnosys.a
END GROUP
LOAD c:/st/stm32cubeide_1.10.1/stm32cubeide/plugins/com.st.stm32cube.ide.mcu.externaltools.gnu-tools-for-stm32.10.3-2021.10.win32_1.0.100.202210260954/tools/bin/../lib/gcc/arm-none-eabi/10.3.1/thumb/v7e-m+fp/hard/crtend.o
LOAD c:/st/stm32cubeide_1.10.1/stm32cubeide/plugins/com.st.stm32cube.ide.mcu.externaltools.gnu-tools-for-stm32.10.3-2021.10.win32_1.0.100.202210260954/tools/bin/../lib/gcc/arm-none-eabi/10.3.1/thumb/v7e-m+fp/hard/crtn.o
                0x000000002000a000                _estack = (ORIGIN (RAM) + LENGTH (RAM))
                0x0000000000000200                _Min_Heap_Size = 0x200
                0x0000000000000400                _Min_Stack_Size = 0x400

.isr_vector     0x0000000008000000      0x194
                0x0000000008000000                . = ALIGN (0x4)
 *(.isr_vector)
 .isr_vector    0x0000000008000000      0x194 ./Startup/startup_stm32f303vctx.o
                0x0000000008000000                g_pfnVectors
                0x0000000008000194                . = ALIGN (0x4)

.text           0x0000000008000194      0x644
                0x0000000008000194                . = ALIGN (0x4)
 *(.text)
 .text          0x0000000008000194       0x40 c:/st/stm32cubeide_1.10.1/stm32cubeide/plugins/com.st.stm32cube.ide.mcu.externaltools.gnu-tools-for-stm32.10.3-2021.10.win32_1.0.100.202210260954/tools/bin/../lib/gcc/arm-none-eabi/10.3.1/thumb/v7e-m+fp/hard/crtbegin.o
 *(.text*)
 .text.TIM3_IRQHandler
                0x00000000080001d4       0x60 ./Src/timer_buzzInterrupt.o
                0x00000000080001d4                TIM3_IRQHandler
 .text.TIM2_IRQHandler
                0x0000000008000234      0x114 ./Src/timer_countInterrupt.o
                0x0000000008000234                TIM2_IRQHandler
 .text.display_units
                0x0000000008000348       0x54 ./Src/timer_display.o
                0x0000000008000348                display_units
 .text.display_tens
                0x000000000800039c       0x50 ./Src/timer_display.o
                0x000000000800039c                display_tens
 .text.display_minutes
                0x00000000080003ec       0x50 ./Src/timer_display.o
                0x00000000080003ec                display_minutes
 .text.twinkle  0x000000000800043c       0xdc ./Src/timer_led.o
                0x000000000800043c                twinkle
 .text.__NVIC_EnableIRQ
                0x0000000008000518       0x3c ./Src/timer_main.o
 .text.main     0x0000000008000554       0x3c ./Src/timer_main.o
                0x0000000008000554                main
 .text.initialise_clocks
                0x0000000008000590       0xb0 ./Src/timer_main.o
                0x0000000008000590                initialise_clocks
 .text.initialise_board
                0x0000000008000640       0xe4 ./Src/timer_main.o
                0x0000000008000640                initialise_board
 .text.Reset_Handler
                0x0000000008000724       0x50 ./Startup/startup_stm32f303vctx.o
                0x0000000008000724                Reset_Handler
 .text.Default_Handler
                0x0000000008000774        0x2 ./Startup/startup_stm32f303vctx.o
                0x0000000008000774                TIM8_TRG_COM_IRQHandler
                0x0000000008000774                TIM8_CC_IRQHandler
                0x0000000008000774                DebugMon_Handler
                0x0000000008000774                DMA1_CH4_IRQHandler
                0x0000000008000774                SPI4_IRQHandler
                0x0000000008000774                TIM1_CC_IRQHandler
                0x0000000008000774                HardFault_Handler
                0x0000000008000774                USB_HP_IRQHandler
                0x0000000008000774                I2C2_EV_EXTI24_IRQHandler
                0x0000000008000774                SysTick_Handler
                0x0000000008000774                USB_WKUP_EXTI_IRQHandler
                0x0000000008000774                PVD_IRQHandler
                0x0000000008000774                UART4_EXTI34_IRQHandler
                0x0000000008000774                TAMP_STAMP_IRQHandler
                0x0000000008000774                PendSV_Handler
                0x0000000008000774                NMI_Handler
                0x0000000008000774                EXTI3_IRQHandler
                0x0000000008000774                I2C3_ER_IRQHandler
                0x0000000008000774                TIM6_DACUNDER_IRQHandler
                0x0000000008000774                USB_HP_CAN_TX_IRQHandler
                0x0000000008000774                EXTI0_IRQHandler
                0x0000000008000774                DMA2_CH1_IRQHandler
                0x0000000008000774                FPU_IRQHandler
                0x0000000008000774                TIM1_UP_TIM16_IRQHandler
                0x0000000008000774                UsageFault_Handler
                0x0000000008000774                ADC1_2_IRQHandler
                0x0000000008000774                SPI1_IRQHandler
                0x0000000008000774                CAN_SCE_IRQHandler
                0x0000000008000774                DMA1_CH7_IRQHandler
                0x0000000008000774                TIM8_UP_IRQHandler
                0x0000000008000774                COMP456_IRQHandler
                0x0000000008000774                DMA1_CH6_IRQHandler
                0x0000000008000774                TIM20_TRG_COM_IRQHandler
                0x0000000008000774                ADC3_IRQHandler
                0x0000000008000774                TIM4_IRQHandler
                0x0000000008000774                CAN_RX1_IRQHandler
                0x0000000008000774                USART1_EXTI25_IRQHandler
                0x0000000008000774                DMA2_CH5_IRQHandler
                0x0000000008000774                I2C1_EV_EXTI23_IRQHandler
                0x0000000008000774                DMA1_CH3_IRQHandler
                0x0000000008000774                RCC_IRQHandler
                0x0000000008000774                TIM20_UP_IRQHandler
                0x0000000008000774                Default_Handler
                0x0000000008000774                EXTI15_10_IRQHandler
                0x0000000008000774                USART2_EXTI26_IRQHandler
                0x0000000008000774                USART3_EXTI28_IRQHandler
                0x0000000008000774                TIM7_IRQHandler
                0x0000000008000774                I2C3_EV_IRQHandler
                0x0000000008000774                EXTI9_5_IRQHandler
                0x0000000008000774                DMA1_CH2_IRQHandler
                0x0000000008000774                RTC_WKUP_IRQHandler
                0x0000000008000774                SPI2_IRQHandler
                0x0000000008000774                DMA1_CH1_IRQHandler
                0x0000000008000774                USB_LP_CAN_RX0_IRQHandler
                0x0000000008000774                MemManage_Handler
                0x0000000008000774                COMP123_IRQHandler
                0x0000000008000774                SVC_Handler
                0x0000000008000774                USB_LP_IRQHandler
                0x0000000008000774                EXTI4_IRQHandler
                0x0000000008000774                TIM1_TRG_COM_TIM17_IRQHandler
                0x0000000008000774                ADC4_IRQHandler
                0x0000000008000774                WWDG_IRQHandler
                0x0000000008000774                COMP7_IRQHandler
                0x0000000008000774                EXTI1_IRQHandler
                0x0000000008000774                RTCAlarm_IRQHandler
                0x0000000008000774                UART5_EXTI35_IRQHandler
                0x0000000008000774                TIM20_BRK_IRQHandler
                0x0000000008000774                I2C2_ER_IRQHandler
                0x0000000008000774                TIM8_BRK_IRQHandler
                0x0000000008000774                FLASH_IRQHandler
                0x0000000008000774                TIM20_CC_IRQHandler
                0x0000000008000774                BusFault_Handler
                0x0000000008000774                SPI3_IRQHandler
                0x0000000008000774                DMA2_CH3_IRQHandler
                0x0000000008000774                DMA2_CH2_IRQHandler
                0x0000000008000774                I2C1_ER_IRQHandler
                0x0000000008000774                FMC_IRQHandler
                0x0000000008000774                DMA1_CH5_IRQHandler
                0x0000000008000774                DMA2_CH4_IRQHandler
                0x0000000008000774                USB_WKUP_IRQHandler
                0x0000000008000774                EXTI2_TSC_IRQHandler
                0x0000000008000774                TIM1_BRK_TIM15_IRQHandler
 *fill*         0x0000000008000776        0x2 
 .text.__libc_init_array
                0x0000000008000778       0x48 c:/st/stm32cubeide_1.10.1/stm32cubeide/plugins/com.st.stm32cube.ide.mcu.externaltools.gnu-tools-for-stm32.10.3-2021.10.win32_1.0.100.202210260954/tools/bin/../lib/gcc/arm-none-eabi/10.3.1/../../../../arm-none-eabi/lib/thumb/v7e-m+fp/hard\libc_nano.a(lib_a-init.o)
                0x0000000008000778                __libc_init_array
 *(.glue_7)
 .glue_7        0x00000000080007c0        0x0 linker stubs
 *(.glue_7t)
 .glue_7t       0x00000000080007c0        0x0 linker stubs
 *(.eh_frame)
 .eh_frame      0x00000000080007c0        0x0 c:/st/stm32cubeide_1.10.1/stm32cubeide/plugins/com.st.stm32cube.ide.mcu.externaltools.gnu-tools-for-stm32.10.3-2021.10.win32_1.0.100.202210260954/tools/bin/../lib/gcc/arm-none-eabi/10.3.1/thumb/v7e-m+fp/hard/crtbegin.o
 *(.init)
 .init          0x00000000080007c0        0x4 c:/st/stm32cubeide_1.10.1/stm32cubeide/plugins/com.st.stm32cube.ide.mcu.externaltools.gnu-tools-for-stm32.10.3-2021.10.win32_1.0.100.202210260954/tools/bin/../lib/gcc/arm-none-eabi/10.3.1/thumb/v7e-m+fp/hard/crti.o
                0x00000000080007c0                _init
 .init          0x00000000080007c4        0x8 c:/st/stm32cubeide_1.10.1/stm32cubeide/plugins/com.st.stm32cube.ide.mcu.externaltools.gnu-tools-for-stm32.10.3-2021.10.win32_1.0.100.202210260954/tools/bin/../lib/gcc/arm-none-eabi/10.3.1/thumb/v7e-m+fp/hard/crtn.o
 *(.fini)
 .fini          0x00000000080007cc        0x4 c:/st/stm32cubeide_1.10.1/stm32cubeide/plugins/com.st.stm32cube.ide.mcu.externaltools.gnu-tools-for-stm32.10.3-2021.10.win32_1.0.100.202210260954/tools/bin/../lib/gcc/arm-none-eabi/10.3.1/thumb/v7e-m+fp/hard/crti.o
                0x00000000080007cc                _fini
 .fini          0x00000000080007d0        0x8 c:/st/stm32cubeide_1.10.1/stm32cubeide/plugins/com.st.stm32cube.ide.mcu.externaltools.gnu-tools-for-stm32.10.3-2021.10.win32_1.0.100.202210260954/tools/bin/../lib/gcc/arm-none-eabi/10.3.1/thumb/v7e-m+fp/hard/crtn.o
                0x00000000080007d8                . = ALIGN (0x4)
                0x00000000080007d8                _etext = .

.vfp11_veneer   0x00000000080007d8        0x0
 .vfp11_veneer  0x00000000080007d8        0x0 linker stubs

.v4_bx          0x00000000080007d8        0x0
 .v4_bx         0x00000000080007d8        0x0 linker stubs

.iplt           0x00000000080007d8        0x0
 .iplt          0x00000000080007d8        0x0 c:/st/stm32cubeide_1.10.1/stm32cubeide/plugins/com.st.stm32cube.ide.mcu.externaltools.gnu-tools-for-stm32.10.3-2021.10.win32_1.0.100.202210260954/tools/bin/../lib/gcc/arm-none-eabi/10.3.1/thumb/v7e-m+fp/hard/crtbegin.o

.rodata         0x00000000080007d8       0x48
                0x00000000080007d8                . = ALIGN (0x4)
 *(.rodata)
 .rodata        0x00000000080007d8        0xa ./Src/timer_display.o
 *fill*         0x00000000080007e2        0x2 
 .rodata        0x00000000080007e4       0x3c ./Src/timer_led.o
 *(.rodata*)
                0x0000000008000820                . = ALIGN (0x4)

.rel.dyn        0x0000000008000820        0x0
 .rel.iplt      0x0000000008000820        0x0 c:/st/stm32cubeide_1.10.1/stm32cubeide/plugins/com.st.stm32cube.ide.mcu.externaltools.gnu-tools-for-stm32.10.3-2021.10.win32_1.0.100.202210260954/tools/bin/../lib/gcc/arm-none-eabi/10.3.1/thumb/v7e-m+fp/hard/crtbegin.o

.ARM.extab      0x0000000008000820        0x0
                0x0000000008000820                . = ALIGN (0x4)
 *(.ARM.extab* .gnu.linkonce.armextab.*)
                0x0000000008000820                . = ALIGN (0x4)

.ARM            0x0000000008000820        0x0
                0x0000000008000820                . = ALIGN (0x4)
                0x0000000008000820                __exidx_start = .
 *(.ARM.exidx*)
                0x0000000008000820                __exidx_end = .
                0x0000000008000820                . = ALIGN (0x4)

.preinit_array  0x0000000008000820        0x0
                0x0000000008000820                . = ALIGN (0x4)
                0x0000000008000820                PROVIDE (__preinit_array_start = .)
 *(.preinit_array*)
                0x0000000008000820                PROVIDE (__preinit_array_end = .)
                0x0000000008000820                . = ALIGN (0x4)

.init_array     0x0000000008000820        0x4
                0x0000000008000820                . = ALIGN (0x4)
                0x0000000008000820                PROVIDE (__init_array_start = .)
 *(SORT_BY_NAME(.init_array.*))
 *(.init_array*)
 .init_array    0x0000000008000820        0x4 c:/st/stm32cubeide_1.10.1/stm32cubeide/plugins/com.st.stm32cube.ide.mcu.externaltools.gnu-tools-for-stm32.10.3-2021.10.win32_1.0.100.202210260954/tools/bin/../lib/gcc/arm-none-eabi/10.3.1/thumb/v7e-m+fp/hard/crtbegin.o
                0x0000000008000824                PROVIDE (__init_array_end = .)
                0x0000000008000824                . = ALIGN (0x4)

.fini_array     0x0000000008000824        0x4
                0x0000000008000824                . = ALIGN (0x4)
                [!provide]                        PROVIDE (__fini_array_start = .)
 *(SORT_BY_NAME(.fini_array.*))
 *(.fini_array*)
 .fini_array    0x0000000008000824        0x4 c:/st/stm32cubeide_1.10.1/stm32cubeide/plugins/com.st.stm32cube.ide.mcu.externaltools.gnu-tools-for-stm32.10.3-2021.10.win32_1.0.100.202210260954/tools/bin/../lib/gcc/arm-none-eabi/10.3.1/thumb/v7e-m+fp/hard/crtbegin.o
                [!provide]                        PROVIDE (__fini_array_end = .)
                0x0000000008000828                . = ALIGN (0x4)
                0x0000000008000828                _sidata = LOADADDR (.data)

.data           0x0000000020000000        0x4 load address 0x0000000008000828
                0x0000000020000000                . = ALIGN (0x4)
                0x0000000020000000                _sdata = .
 *(.data)
 *(.data*)
 .data.time_count.0
                0x0000000020000000        0x4 ./Src/timer_countInterrupt.o
 *(.RamFunc)
 *(.RamFunc*)
                0x0000000020000004                . = ALIGN (0x4)
                0x0000000020000004                _edata = .
                0x000000000800082c                _siccmram = LOADADDR (.ccmram)

.igot.plt       0x0000000020000004        0x0 load address 0x000000000800082c
 .igot.plt      0x0000000020000004        0x0 c:/st/stm32cubeide_1.10.1/stm32cubeide/plugins/com.st.stm32cube.ide.mcu.externaltools.gnu-tools-for-stm32.10.3-2021.10.win32_1.0.100.202210260954/tools/bin/../lib/gcc/arm-none-eabi/10.3.1/thumb/v7e-m+fp/hard/crtbegin.o

.ccmram         0x0000000010000000        0x0 load address 0x000000000800082c
                0x0000000010000000                . = ALIGN (0x4)
                0x0000000010000000                _sccmram = .
 *(.ccmram)
 *(.ccmram*)
                0x0000000010000000                . = ALIGN (0x4)
                0x0000000010000000                _eccmram = .
                0x0000000010000000                . = ALIGN (0x4)

.bss            0x0000000020000004       0x24
                0x0000000020000004                _sbss = .
                0x0000000020000004                __bss_start__ = _sbss
 *(.bss)
 .bss           0x0000000020000004       0x1c c:/st/stm32cubeide_1.10.1/stm32cubeide/plugins/com.st.stm32cube.ide.mcu.externaltools.gnu-tools-for-stm32.10.3-2021.10.win32_1.0.100.202210260954/tools/bin/../lib/gcc/arm-none-eabi/10.3.1/thumb/v7e-m+fp/hard/crtbegin.o
 *(.bss*)
 .bss.time_reached
                0x0000000020000020        0x4 ./Src/timer_main.o
                0x0000000020000020                time_reached
 .bss.start_condition
                0x0000000020000024        0x4 ./Src/timer_main.o
                0x0000000020000024                start_condition
 *(COMMON)
                0x0000000020000028                . = ALIGN (0x4)
                0x0000000020000028                _ebss = .
                0x0000000020000028                __bss_end__ = _ebss

._user_heap_stack
                0x0000000020000028      0x600
                0x0000000020000028                . = ALIGN (0x8)
                [!provide]                        PROVIDE (end = .)
                0x0000000020000028                PROVIDE (_end = .)
                0x0000000020000228                . = (. + _Min_Heap_Size)
 *fill*         0x0000000020000028      0x200 
                0x0000000020000628                . = (. + _Min_Stack_Size)
 *fill*         0x0000000020000228      0x400 
                0x0000000020000628                . = ALIGN (0x8)

/DISCARD/
 libc.a(*)
 libm.a(*)
 libgcc.a(*)

.ARM.attributes
                0x0000000000000000       0x30
 *(.ARM.attributes)
 .ARM.attributes
                0x0000000000000000       0x1e c:/st/stm32cubeide_1.10.1/stm32cubeide/plugins/com.st.stm32cube.ide.mcu.externaltools.gnu-tools-for-stm32.10.3-2021.10.win32_1.0.100.202210260954/tools/bin/../lib/gcc/arm-none-eabi/10.3.1/thumb/v7e-m+fp/hard/crti.o
 .ARM.attributes
                0x000000000000001e       0x34 c:/st/stm32cubeide_1.10.1/stm32cubeide/plugins/com.st.stm32cube.ide.mcu.externaltools.gnu-tools-for-stm32.10.3-2021.10.win32_1.0.100.202210260954/tools/bin/../lib/gcc/arm-none-eabi/10.3.1/thumb/v7e-m+fp/hard/crtbegin.o
 .ARM.attributes
                0x0000000000000052       0x34 ./Src/timer_buzzInterrupt.o
 .ARM.attributes
                0x0000000000000086       0x34 ./Src/timer_countInterrupt.o
 .ARM.attributes
                0x00000000000000ba       0x34 ./Src/timer_display.o
 .ARM.attributes
                0x00000000000000ee       0x34 ./Src/timer_led.o
 .ARM.attributes
                0x0000000000000122       0x34 ./Src/timer_main.o
 .ARM.attributes
                0x0000000000000156       0x21 ./Startup/startup_stm32f303vctx.o
 .ARM.attributes
                0x0000000000000177       0x34 c:/st/stm32cubeide_1.10.1/stm32cubeide/plugins/com.st.stm32cube.ide.mcu.externaltools.gnu-tools-for-stm32.10.3-2021.10.win32_1.0.100.202210260954/tools/bin/../lib/gcc/arm-none-eabi/10.3.1/../../../../arm-none-eabi/lib/thumb/v7e-m+fp/hard\libc_nano.a(lib_a-init.o)
 .ARM.attributes
                0x00000000000001ab       0x1e c:/st/stm32cubeide_1.10.1/stm32cubeide/plugins/com.st.stm32cube.ide.mcu.externaltools.gnu-tools-for-stm32.10.3-2021.10.win32_1.0.100.202210260954/tools/bin/../lib/gcc/arm-none-eabi/10.3.1/thumb/v7e-m+fp/hard/crtn.o
OUTPUT(Game Timer.elf elf32-littlearm)
LOAD linker stubs
LOAD c:/st/stm32cubeide_1.10.1/stm32cubeide/plugins/com.st.stm32cube.ide.mcu.externaltools.gnu-tools-for-stm32.10.3-2021.10.win32_1.0.100.202210260954/tools/bin/../lib/gcc/arm-none-eabi/10.3.1/../../../../arm-none-eabi/lib/thumb/v7e-m+fp/hard\libc.a
LOAD c:/st/stm32cubeide_1.10.1/stm32cubeide/plugins/com.st.stm32cube.ide.mcu.externaltools.gnu-tools-for-stm32.10.3-2021.10.win32_1.0.100.202210260954/tools/bin/../lib/gcc/arm-none-eabi/10.3.1/../../../../arm-none-eabi/lib/thumb/v7e-m+fp/hard\libm.a
LOAD c:/st/stm32cubeide_1.10.1/stm32cubeide/plugins/com.st.stm32cube.ide.mcu.externaltools.gnu-tools-for-stm32.10.3-2021.10.win32_1.0.100.202210260954/tools/bin/../lib/gcc/arm-none-eabi/10.3.1/thumb/v7e-m+fp/hard\libgcc.a

.debug_info     0x0000000000000000     0x12b3
 .debug_info    0x0000000000000000      0x2da ./Src/timer_buzzInterrupt.o
 .debug_info    0x00000000000002da      0x37d ./Src/timer_countInterrupt.o
 .debug_info    0x0000000000000657      0x20d ./Src/timer_display.o
 .debug_info    0x0000000000000864      0x247 ./Src/timer_led.o
 .debug_info    0x0000000000000aab      0x7e6 ./Src/timer_main.o
 .debug_info    0x0000000000001291       0x22 ./Startup/startup_stm32f303vctx.o

.debug_abbrev   0x0000000000000000      0x59c
 .debug_abbrev  0x0000000000000000       0xad ./Src/timer_buzzInterrupt.o
 .debug_abbrev  0x00000000000000ad       0xf4 ./Src/timer_countInterrupt.o
 .debug_abbrev  0x00000000000001a1       0xfe ./Src/timer_display.o
 .debug_abbrev  0x000000000000029f      0x108 ./Src/timer_led.o
 .debug_abbrev  0x00000000000003a7      0x1e3 ./Src/timer_main.o
 .debug_abbrev  0x000000000000058a       0x12 ./Startup/startup_stm32f303vctx.o

.debug_aranges  0x0000000000000000       0xf0
 .debug_aranges
                0x0000000000000000       0x20 ./Src/timer_buzzInterrupt.o
 .debug_aranges
                0x0000000000000020       0x20 ./Src/timer_countInterrupt.o
 .debug_aranges
                0x0000000000000040       0x30 ./Src/timer_display.o
 .debug_aranges
                0x0000000000000070       0x20 ./Src/timer_led.o
 .debug_aranges
                0x0000000000000090       0x38 ./Src/timer_main.o
 .debug_aranges
                0x00000000000000c8       0x28 ./Startup/startup_stm32f303vctx.o

.debug_ranges   0x0000000000000000       0xb0
 .debug_ranges  0x0000000000000000       0x10 ./Src/timer_buzzInterrupt.o
 .debug_ranges  0x0000000000000010       0x28 ./Src/timer_countInterrupt.o
 .debug_ranges  0x0000000000000038       0x20 ./Src/timer_display.o
 .debug_ranges  0x0000000000000058       0x10 ./Src/timer_led.o
 .debug_ranges  0x0000000000000068       0x28 ./Src/timer_main.o
 .debug_ranges  0x0000000000000090       0x20 ./Startup/startup_stm32f303vctx.o

.debug_macro    0x0000000000000000    0x14856
 .debug_macro   0x0000000000000000      0x1bd ./Src/timer_buzzInterrupt.o
 .debug_macro   0x00000000000001bd       0x8e ./Src/timer_buzzInterrupt.o
 .debug_macro   0x000000000000024b       0x51 ./Src/timer_buzzInterrupt.o
 .debug_macro   0x000000000000029c       0x52 ./Src/timer_buzzInterrupt.o
 .debug_macro   0x00000000000002ee      0x19b ./Src/timer_buzzInterrupt.o
 .debug_macro   0x0000000000000489       0x28 ./Src/timer_buzzInterrupt.o
 .debug_macro   0x00000000000004b1       0x1c ./Src/timer_buzzInterrupt.o
 .debug_macro   0x00000000000004cd       0x22 ./Src/timer_buzzInterrupt.o
 .debug_macro   0x00000000000004ef       0xd9 ./Src/timer_buzzInterrupt.o
 .debug_macro   0x00000000000005c8     0x102d ./Src/timer_buzzInterrupt.o
 .debug_macro   0x00000000000015f5      0x11f ./Src/timer_buzzInterrupt.o
 .debug_macro   0x0000000000001714    0x12a3a ./Src/timer_buzzInterrupt.o
 .debug_macro   0x000000000001414e      0x1c1 ./Src/timer_countInterrupt.o
 .debug_macro   0x000000000001430f      0x1bd ./Src/timer_display.o
 .debug_macro   0x00000000000144cc      0x1c1 ./Src/timer_led.o
 .debug_macro   0x000000000001468d      0x1c9 ./Src/timer_main.o

.debug_line     0x0000000000000000     0x1f5a
 .debug_line    0x0000000000000000      0x5d4 ./Src/timer_buzzInterrupt.o
 .debug_line    0x00000000000005d4      0x61c ./Src/timer_countInterrupt.o
 .debug_line    0x0000000000000bf0      0x614 ./Src/timer_display.o
 .debug_line    0x0000000000001204      0x640 ./Src/timer_led.o
 .debug_line    0x0000000000001844      0x692 ./Src/timer_main.o
 .debug_line    0x0000000000001ed6       0x84 ./Startup/startup_stm32f303vctx.o

.debug_str      0x0000000000000000    0x75ecf
 .debug_str     0x0000000000000000    0x7592a ./Src/timer_buzzInterrupt.o
                                      0x75b1c (size before relaxing)
 .debug_str     0x000000000007592a       0xa4 ./Src/timer_countInterrupt.o
                                      0x75b9b (size before relaxing)
 .debug_str     0x00000000000759ce       0x30 ./Src/timer_display.o
                                      0x75af5 (size before relaxing)
 .debug_str     0x00000000000759fe       0x45 ./Src/timer_led.o
                                      0x75b04 (size before relaxing)
 .debug_str     0x0000000000075a43      0x45b ./Src/timer_main.o
                                      0x760b6 (size before relaxing)
 .debug_str     0x0000000000075e9e       0x31 ./Startup/startup_stm32f303vctx.o
                                         0x5c (size before relaxing)

.comment        0x0000000000000000       0x50
 .comment       0x0000000000000000       0x50 ./Src/timer_buzzInterrupt.o
                                         0x51 (size before relaxing)
 .comment       0x0000000000000050       0x51 ./Src/timer_countInterrupt.o
 .comment       0x0000000000000050       0x51 ./Src/timer_display.o
 .comment       0x0000000000000050       0x51 ./Src/timer_led.o
 .comment       0x0000000000000050       0x51 ./Src/timer_main.o

.debug_frame    0x0000000000000000      0x1f0
 .debug_frame   0x0000000000000000       0x30 ./Src/timer_buzzInterrupt.o
 .debug_frame   0x0000000000000030       0x34 ./Src/timer_countInterrupt.o
 .debug_frame   0x0000000000000064       0x88 ./Src/timer_display.o
 .debug_frame   0x00000000000000ec       0x3c ./Src/timer_led.o
 .debug_frame   0x0000000000000128       0x9c ./Src/timer_main.o
 .debug_frame   0x00000000000001c4       0x2c c:/st/stm32cubeide_1.10.1/stm32cubeide/plugins/com.st.stm32cube.ide.mcu.externaltools.gnu-tools-for-stm32.10.3-2021.10.win32_1.0.100.202210260954/tools/bin/../lib/gcc/arm-none-eabi/10.3.1/../../../../arm-none-eabi/lib/thumb/v7e-m+fp/hard\libc_nano.a(lib_a-init.o)
